
> a-lenda-do-reino@0.1.0 build
> vite build

[36mvite v7.1.10 [32mbuilding for production...[36m[39m
transforming...
node.exe : [baseline-browser-mapping] The data in this module is over two months old.  To ensure accurate Baseline data, please update: `npm i 
baseline-browser-mapping@latest -D`
No linha:1 caractere:1
+ & "C:\Program Files\nodejs/node.exe" "C:\Program Files\nodejs/node_mo ...
+ ~~~~~~~~~~~~~~~~~~~~~~~~~~~~~~~~~~~~~~~~~~~~~~~~~~~~~~~~~~~~~~~~~~~~~
    + CategoryInfo          : NotSpecified: ([baseline-brows...ping@latest -D`:String) [], RemoteException
    + FullyQualifiedErrorId : NativeCommandError
 

/assets/noise.png referenced in /assets/noise.png didn't resolve at build time, it will remain unchanged to be resolved at runtime
[32mΓ£ô[39m 508 modules transformed.
[31mΓ£ù[39m Build failed in 3.50s
[31merror during build:
[31msrc/components/character-creation/steps/StepPowers.jsx (3:9): "checkPowerEligibility" is not exported by "src/utils/rules/prerequisites.js", 
imported by "src/components/character-creation/steps/StepPowers.jsx".[31m
file: [36mC:/Users/tomas/a-lenda-do-reino/src/components/character-creation/steps/StepPowers.jsx:3:9[31m
[33m
1: import React, { useState } from 'react';
2: import GENERAL_POWERS from '../../../data/powers';
3: import { checkPowerEligibility } from '../../../utils/rules/prerequisites';
            ^
4: import { useCharacterStore } from '../../../store/useCharacterStore';
[31m
    at getRollupError (file:///C:/Users/tomas/a-lenda-do-reino/node_modules/vite/node_modules/rollup/dist/es/shared/parseAst.js:401:41)
    at error (file:///C:/Users/tomas/a-lenda-do-reino/node_modules/vite/node_modules/rollup/dist/es/shared/parseAst.js:397:42)
    at Module.error (file:///C:/Users/tomas/a-lenda-do-reino/node_modules/vite/node_modules/rollup/dist/es/shared/node-entry.js:16939:16)
    at Module.traceVariable (file:///C:/Users/tomas/a-lenda-do-reino/node_modules/vite/node_modules/rollup/dist/es/shared/node-entry.js:17391:29)
    at ModuleScope.findVariable (file:///C:/Users/tomas/a-lenda-do-reino/node_modules/vite/node_modules/rollup/dist/es/shared/node-entry.js:15061:39)
    at FunctionScope.findVariable (file:///C:/Users/tomas/a-lenda-do-reino/node_modules/vite/node_modules/rollup/dist/es/shared/node-entry.js:5642:38)
    at FunctionBodyScope.findVariable (file:///C:/Users/tomas/a-lenda-do-reino/node_modules/vite/node_modules/rollup/dist/es/shared/node-entry.js:5642:38)
    at ReturnValueScope.findVariable (file:///C:/Users/tomas/a-lenda-do-reino/node_modules/vite/node_modules/rollup/dist/es/shared/node-entry.js:5642:38)
    at FunctionBodyScope.findVariable (file:///C:/Users/tomas/a-lenda-do-reino/node_modules/vite/node_modules/rollup/dist/es/shared/node-entry.js:5642:38)
    at Identifier.bind (file:///C:/Users/tomas/a-lenda-do-reino/node_modules/vite/node_modules/rollup/dist/es/shared/node-entry.js:5413:40)[39m
